00:00 +0: loading D:/flutter projects/academicos/test/widget_test.dart
00:00 +0: ExpressionEvaluator evalúa operaciones básicas
00:00 +1: Renderiza la calculadora arcade
══╡ EXCEPTION CAUGHT BY RENDERING LIBRARY ╞═════════════════════════════════════════════════════════
The following assertion was thrown during layout:
A RenderFlex overflowed by 676 pixels on the bottom.

The relevant error-causing widget was:
  Column Column:file:///D:/flutter%20projects/academicos/lib/screens/calculator_game_page.dart:185:26

The overflowing RenderFlex has an orientation of Axis.vertical.
The edge of the RenderFlex that is overflowing has been marked in the rendering with a yellow and
black striped pattern. This is usually caused by the contents being too big for the RenderFlex.
Consider applying a flex factor (e.g. using an Expanded widget) to force the children of the
RenderFlex to fit within the available space instead of being sized to their natural size.
This is considered an error condition because it indicates that there is content that cannot be
seen. If the content is legitimately bigger than the available space, consider clipping it with a
ClipRect widget before putting it in the flex, or using a scrollable container rather than a Flex,
like a ListView.
The specific RenderFlex in question is: RenderFlex#4c857 relayoutBoundary=up6 OVERFLOWING:
  needs compositing
  creator: Column ← Padding ← DecoratedBox ← Container ← Expanded ← Column ← Padding ← MediaQuery ←
    Padding ← SafeArea ← KeyedSubtree-[GlobalKey#b8306] ← _BodyBuilder ← ⋯
  parentData: offset=Offset(16.0, 16.0) (can use size)
  constraints: BoxConstraints(0.0<=w<=744.0, h=282.0)
  size: Size(744.0, 282.0)
  direction: vertical
  mainAxisAlignment: start
  mainAxisSize: max
  crossAxisAlignment: end
  textDirection: ltr
  verticalDirection: down
  spacing: 0.0
◢◤◢◤◢◤◢◤◢◤◢◤◢◤◢◤◢◤◢◤◢◤◢◤◢◤◢◤◢◤◢◤◢◤◢◤◢◤◢◤◢◤◢◤◢◤◢◤◢◤◢◤◢◤◢◤◢◤◢◤◢◤◢◤◢◤◢◤◢◤◢◤◢◤◢◤◢◤◢◤◢◤◢◤◢◤◢◤◢◤◢◤◢◤◢◤◢◤◢◤
════════════════════════════════════════════════════════════════════════════════════════════════════
00:00 +1 -1: Renderiza la calculadora arcade [E]
  Test failed. See exception logs above.
  The test description was: Renderiza la calculadora arcade
  
00:00 +1 -1: Some tests failed.
